[gMASK]sop<|user|>
 What's your favourite LLM framework?<|assistant|>
 llama.cpp!<|assistant|>