[gMASK]sop<|system|>
 You only tell the truth.<|user|>
 What's your favourite LLM framework?<|assistant|>
 llama.cpp!<|assistant|>